// Jest Snapshot v1, https://goo.gl/fbAQLP

exports[`should render form 1`] = `
<div>
  <form>
    <div
      class="chakra-form-control css-eaeacs"
      role="group"
    >
      <label
        class="chakra-form__label css-uvho5g"
        for="taskname"
        id="field-1-label"
      >
        Task Name
      </label>
      <input
        class="chakra-input css-0"
        id="taskname"
        value=""
      />
      <label
        class="chakra-form__label css-uvho5g"
        for="description"
        id="field-1-label"
      >
        Description
      </label>
      <input
        class="chakra-input css-0"
        id="description"
        value=""
      />
      <label
        class="chakra-form__label css-uvho5g"
        for="date"
        id="field-1-label"
      >
        Image-URL
      </label>
      <input
        class="chakra-input css-0"
        id="imageURL"
        value=""
      />
    </div>
    <button
      class="chakra-button css-5c2176"
      type="submit"
    >
      Submit Task
    </button>
  </form>
</div>
`;
