// Jest Snapshot v1, https://goo.gl/fbAQLP

exports[`should render form 1`] = `
<div>
  <div
    class="chakra-stack css-1qghqig"
  >
    <div
      class="css-45tizf"
    >
      <div
        class="chakra-stack css-1bpi8v6"
      >
        <h2
          class="chakra-heading css-1n49pl7"
        >
          Create A Task
        </h2>
        <form>
          <div
            class="chakra-form-control css-0"
            role="group"
          >
            <label
              class="chakra-form__label css-uvho5g"
              for="taskname"
              id="field-1-label"
            >
              Task Name
            </label>
            <input
              class="chakra-input css-0"
              id="taskname"
              value=""
            />
          </div>
          <div
            class="chakra-form-control css-0"
            role="group"
          >
            <label
              class="chakra-form__label css-uvho5g"
              for="description"
              id="field-2-label"
            >
              Description
            </label>
            <input
              class="chakra-input css-0"
              id="description"
              value=""
            />
          </div>
          <div
            class="chakra-form-control css-0"
            role="group"
          >
            <label
              class="chakra-form__label css-uvho5g"
              for="date"
              id="field-3-label"
            >
              Image-URL
            </label>
            <input
              class="chakra-input css-0"
              id="imageURL"
              value=""
            />
          </div>
          <div
            class="chakra-stack css-16voevi"
          >
            <div
              class="chakra-stack css-1bnf7oa"
            />
            <button
              class="chakra-button css-5c2176"
              type="submit"
            >
              Create Task
            </button>
          </div>
        </form>
      </div>
    </div>
    <div
      class="css-13pmxen"
    >
      <img
        alt="Login Image"
        class="chakra-image css-17n63z0"
        src="https://images.unsplash.com/photo-1484480974693-6ca0a78fb36b?ixlib=rb-1.2.1&ixid=MnwxMjA3fDB8MHxwaG90by1wYWdlfHx8fGVufDB8fHx8&auto=format&fit=crop&w=1472&q=80"
      />
    </div>
  </div>
</div>
`;
